
> calcpro-np@4.0.0 build
> next build

  ▲ Next.js 14.2.3
  - Environments: .env.local

   Creating an optimized production build ...
 ✓ Compiled successfully
   Skipping validation of types
   Skipping linting
   Collecting page data ...
node.exe :  ⚠ Using edge runtime on a page currently disables static generation for that page
At C:\Program Files\nodejs\npm.ps1:29 char:3
+   & $NODE_EXE $NPM_CLI_JS $args
+   ~~~~~~~~~~~~~~~~~~~~~~~~~~~~~
    + CategoryInfo          : NotSpecified: ( ⚠ Using edge r...n for that page:String) [], RemoteException
    + FullyQualifiedErrorId : NativeCommandError
 
   Generating static pages (0/96) ...
   Generating static pages (24/96) 
   Generating static pages (48/96) 
   Generating static pages (72/96) 
 ✓ Generating static pages (96/96)
   Finalizing page optimization ...
   Collecting build traces ...

Route (app)                                 Size     First Load JS
┌ ○ /                                       1.55 kB        95.9 kB
├ ○ /_not-found                             165 B          87.7 kB
├ ○ /about                                  192 B          94.5 kB
├ ○ /admin                                  6.66 kB         220 kB
├ ○ /admin/login                            2.25 kB         209 kB
├ ○ /admin/posts                            13.6 kB         227 kB
├ ƒ /admin/posts/edit/[slug]                3.33 kB         221 kB
├ ○ /admin/posts/new                        3.12 kB         221 kB
├ ○ /admin/seo-pages                        6.51 kB         220 kB
├ ○ /admin/seo-pages/new                    8.96 kB         226 kB
├ ○ /admin/setup                            1.9 kB          208 kB
├ ƒ /api/admin/auth                         0 B                0 B
├ ƒ /api/admin/session                      0 B                0 B
├ ƒ /api/admin/setup                        0 B                0 B
├ ƒ /api/ai/solve                           0 B                0 B
├ ƒ /api/og                                 0 B                0 B
├ ƒ /blog                                   192 B          94.5 kB
├ ƒ /blog/[slug]                            1.37 kB        95.7 kB
├ ○ /calculator                             1.56 kB         100 kB
├ ○ /calculator/age-calculator              4.75 kB        99.1 kB
├ ○ /calculator/attendance                  3.21 kB        97.6 kB
├ ○ /calculator/base-converter              4.35 kB        98.7 kB
├ ○ /calculator/bmi                         4.25 kB         102 kB
├ ○ /calculator/bmr                         2.16 kB        99.9 kB
├ ○ /calculator/body-fat                    3.57 kB        97.9 kB
├ ○ /calculator/brick-calculator            4.55 kB        98.9 kB
├ ○ /calculator/cagr-calculator             3.83 kB        98.2 kB
├ ○ /calculator/calorie-calculator          3.46 kB        97.8 kB
├ ● /calculator/category/[id]               4.86 kB        99.2 kB
├   ├ /calculator/category/nepal
├   ├ /calculator/category/finance
├   ├ /calculator/category/education
├   └ [+2 more paths]
├ ○ /calculator/cgpa                        3.84 kB        98.2 kB
├ ○ /calculator/chemistry-molar             3.24 kB        97.6 kB
├ ○ /calculator/compound-interest           3.37 kB        97.7 kB
├ ○ /calculator/concrete-mix                4.18 kB         103 kB
├ ○ /calculator/currency-converter          4.65 kB         103 kB
├ ○ /calculator/date-duration               3.55 kB        97.9 kB
├ ○ /calculator/discount-calculator         4.64 kB          99 kB
├ ○ /calculator/engineering-gpa-calculator  5.42 kB        99.8 kB
├ ○ /calculator/fd-calculator               3.39 kB        97.7 kB
├ ○ /calculator/fraction-calculator         3.24 kB        97.6 kB
├ ○ /calculator/geometry-3d                 3.58 kB        97.9 kB
├ ○ /calculator/gpa                         4.52 kB        98.9 kB
├ ○ /calculator/ideal-weight                3.1 kB         97.5 kB
├ ○ /calculator/lcm-gcf-calculator          2.96 kB        97.3 kB
├ ○ /calculator/lead-time                   9.1 kB          103 kB
├ ○ /calculator/length-converter            3.57 kB        97.9 kB
├ ○ /calculator/linear-solver               3.31 kB        97.7 kB
├ ○ /calculator/loan-emi                    5.03 kB         103 kB
├ ○ /calculator/logarithm-calculator        2.9 kB         97.3 kB
├ ○ /calculator/marks-needed                2.93 kB        97.3 kB
├ ○ /calculator/matrices                    3.17 kB        97.5 kB
├ ○ /calculator/momo-calorie-counter        2.63 kB         100 kB
├ ○ /calculator/mortgage-calculator         4.4 kB         98.8 kB
├ ○ /calculator/nepal-home-loan             4.5 kB         98.8 kB
├ ○ /calculator/nepal-income-tax            5.24 kB         103 kB
├ ○ /calculator/nepal-land                  4.77 kB        99.1 kB
├ ○ /calculator/nepal-provident-fund        4.39 kB        98.7 kB
├ ○ /calculator/nepal-salary                4.87 kB        95.7 kB
├ ○ /calculator/nepal-tax-calculator        4.42 kB        98.8 kB
├ ○ /calculator/nepal-vat                   4.96 kB        99.3 kB
├ ○ /calculator/nepali-date                 7.32 kB         102 kB
├ ○ /calculator/number-to-words             4.13 kB        98.5 kB
├ ○ /calculator/password-generator          4.5 kB         98.9 kB
├ ○ /calculator/percentage                  5.54 kB        99.9 kB
├ ○ /calculator/physics-energy              3.06 kB        97.4 kB
├ ○ /calculator/physics-force               2.97 kB        97.3 kB
├ ○ /calculator/pregnancy-due-date          4.08 kB        98.4 kB
├ ○ /calculator/probability                 3.65 kB          98 kB
├ ○ /calculator/qr-generator                9 kB            103 kB
├ ○ /calculator/quadratic-solver            4.57 kB        95.4 kB
├ ○ /calculator/ratio-proportion            2.99 kB        97.3 kB
├ ○ /calculator/roman-numerals              2.98 kB        97.3 kB
├ ○ /calculator/rounding                    2.77 kB        97.1 kB
├ ○ /calculator/savings                     4.32 kB        98.7 kB
├ ○ /calculator/scientific-calculator       194 kB          281 kB
├ ○ /calculator/simple-interest             3.06 kB        97.4 kB
├ ○ /calculator/sip-calculator              5.2 kB         99.6 kB
├ ○ /calculator/standard-deviation          3.01 kB        97.4 kB
├ ○ /calculator/statistics-plus             3.12 kB        97.5 kB
├ ○ /calculator/tip-calculator              3.71 kB        98.1 kB
├ ○ /calculator/unit-converter              4.55 kB        95.4 kB
├ ○ /calculator/water-intake                4.03 kB        98.4 kB
├ ○ /calculator/weight-converter            3.89 kB        98.2 kB
├ ○ /calculator/word-counter                2.9 kB         97.3 kB
├ ○ /calculator/z-score                     2.93 kB        97.3 kB
├ ƒ /calculators/[category]                 4.51 kB        98.9 kB
├ ƒ /calculators/[category]/[slug]          5.32 kB        99.7 kB
├ ○ /calculators/nepal                      1.18 kB        99.9 kB
├ ○ /contact                                192 B          94.5 kB
├ ○ /guide                                  192 B          94.5 kB
├ ƒ /guide/[slug]                           7.43 kB         102 kB
├ ○ /pricing                                3.24 kB        97.6 kB
├ ○ /privacy                                165 B          87.7 kB
├ ○ /robots.txt                             0 B                0 B
├ ○ /search                                 1.8 kB          100 kB
├ ○ /sitemap                                3.64 kB         102 kB
├ ○ /sitemap.xml                            0 B                0 B
└ ○ /terms                                  164 B          87.7 kB
+ First Load JS shared by all               87.5 kB
  ├ chunks/7023-b8974ac2f4452620.js         31.6 kB
  ├ chunks/fd9d1056-740bfbd9f5df1e92.js     53.6 kB
  └ other shared chunks (total)             2.29 kB


ƒ Middleware                                34.5 kB

○  (Static)   prerendered as static content
●  (SSG)      prerendered as static HTML (uses getStaticProps)
ƒ  (Dynamic)  server-rendered on demand

